2022-04-29 00:56:08,231 - __main__ - INFO - test the custom logger
2022-04-29 01:21:43,584 - __main__ - INFO - test the custom logger
2022-04-29 02:18:45,490 - __main__ - INFO - test the custom logger
